[blogosphere.cmsmasters.net/fashion/index.html]
[backblue.gif]
[fade.gif]
[index.html]
[blogosphere.cmsmasters.net/fashion/wp-content/plugins/instagram-feed/css/sbi-styles.mind42d.css]
[blogosphere.cmsmasters.net/fashion/wp-content/plugins/LayerSlider/assets/static/layerslider/css/layerslider56ef.css]
[blogosphere.cmsmasters.net/fashion/wp-includes/css/dist/block-library/style.min1eb7.css]
[blogosphere.cmsmasters.net/fashion/feed/index.html]
[blogosphere.cmsmasters.net/fashion/wp-content/plugins/woocommerce/packages/woocommerce-blocks/build/wc-blocks-vendors-style2ff6.css]
[blogosphere.cmsmasters.net/fashion/comments/feed/index.html]
[blogosphere.cmsmasters.net/fashion/wp-content/plugins/woocommerce/packages/woocommerce-blocks/build/wc-blocks-style2ff6.css]
[blogosphere.cmsmasters.net/fashion/wp-content/plugins/contact-form-7/includes/css/styles42f0.css]
[blogosphere.cmsmasters.net/fashion/wp-content/plugins/cookie-law-info/legacy/public/css/cookie-law-info-public19ce.css]
[blogosphere.cmsmasters.net/fashion/wp-content/plugins/cookie-law-info/legacy/public/css/cookie-law-info-gdpr19ce.css]
[blogosphere.cmsmasters.net/fashion/wp-content/themes/blogosphere/style8a54.css]
[blogosphere.cmsmasters.net/fashion/wp-content/themes/blogosphere/theme-framework/theme-style/css/style8a54.css]
[blogosphere.cmsmasters.net/fashion/wp-content/themes/blogosphere/theme-framework/theme-style/css/adaptive8a54.css]
[blogosphere.cmsmasters.net/fashion/wp-content/themes/blogosphere/theme-framework/theme-style/css/retina8a54.css]
[blogosphere.cmsmasters.net/fashion/wp-content/themes/blogosphere/css/fontello8a54.css]
[blogosphere.cmsmasters.net/fashion/wp-content/themes/blogosphere/theme-vars/theme-style/css/fontello-custom8a54.css]
[blogosphere.cmsmasters.net/fashion/wp-content/themes/blogosphere/css/animate8a54.css]
[blogosphere.cmsmasters.net/fashion/wp-content/themes/blogosphere/css/ilightbox3601.css]
[blogosphere.cmsmasters.net/fashion/wp-content/themes/blogosphere/css/ilightbox-skins/dark-skin3601.css]
[blogosphere.cmsmasters.net/fashion/wp-content/uploads/sites/4/cmsmasters_styles/blogosphere8a54.css]
[blogosphere.cmsmasters.net/fashion/wp-content/themes/blogosphere/gutenberg/cmsmasters-framework/theme-style/css/frontend-style8a54.css]
[blogosphere.cmsmasters.net/fashion/wp-content/themes/blogosphere/woocommerce/cmsmasters-framework/theme-style/css/plugin-style8a54.css]
[blogosphere.cmsmasters.net/fashion/wp-content/themes/blogosphere/woocommerce/cmsmasters-framework/theme-style/css/plugin-adaptive8a54.css]
[blogosphere.cmsmasters.net/fashion/wp-includes/js/jquery/jquery.minaf6c.js]
[blogosphere.cmsmasters.net/fashion/wp-includes/js/jquery/jquery-migrate.mind617.js]
[blogosphere.cmsmasters.net/fashion/wp-content/plugins/LayerSlider/assets/static/layerslider/js/layerslider.utils56ef.js]
[blogosphere.cmsmasters.net/fashion/wp-content/plugins/LayerSlider/assets/static/layerslider/js/layerslider.transitions56ef.js]
[blogosphere.cmsmasters.net/fashion/wp-content/plugins/LayerSlider/assets/static/layerslider/js/layerslider.kreaturamedia.jquery56ef.js]
[blogosphere.cmsmasters.net/fashion/wp-content/plugins/cookie-law-info/legacy/public/js/cookie-law-info-public19ce.js]
[blogosphere.cmsmasters.net/fashion/wp-content/plugins/revslider/public/assets/js/rbtools.min3883.js]
[blogosphere.cmsmasters.net/fashion/wp-content/plugins/revslider/public/assets/js/rs6.min3883.js]
[blogosphere.cmsmasters.net/fashion/wp-content/themes/blogosphere/js/debounced-resize.min8a54.js]
[blogosphere.cmsmasters.net/fashion/wp-content/themes/blogosphere/js/modernizr.min8a54.js]
[blogosphere.cmsmasters.net/fashion/wp-content/themes/blogosphere/js/respond.min8a54.js]
[blogosphere.cmsmasters.net/fashion/wp-content/themes/blogosphere/js/jquery.iLightBox.min3601.js]
[blogosphere.cmsmasters.net/fashion/wp-json/wp/v2/pages/7366.json]
[blogosphere.cmsmasters.net/fashion/wp-json/index.html]
[blogosphere.cmsmasters.net/fashion/wp-includes/wlwmanifest.xml]
[blogosphere.cmsmasters.net/fashion/wp-json/oembed/1.0/embedd536.json]
[blogosphere.cmsmasters.net/fashion/wp-json/oembed/1.0/embedf5e6]
[blogosphere.cmsmasters.net/fashion/wp-content/uploads/sites/4/2017/09/cropped-favicon-2-75x75.png]
[blogosphere.cmsmasters.net/fashion/wp-content/uploads/sites/4/2017/09/cropped-favicon-2-300x300.png]
[blogosphere.cmsmasters.net/fashion/wp-content/uploads/sites/4/2017/09/cropped-favicon-2-180x180.png]
[blogosphere.cmsmasters.net/fashion/wp-content/uploads/sites/4/2017/12/logo-4.png]
[blogosphere.cmsmasters.net/fashion/wp-content/uploads/sites/4/2017/12/logo-4-retina.png]
[blogosphere.cmsmasters.net/fashion/wp-content/plugins/revslider/public/assets/assets/dummy.png]
[blogosphere.cmsmasters.net/fashion/about-me/index.html]
[blogosphere.cmsmasters.net/fashion/wp-content/uploads/sites/4/2017/09/blog4-2t-580x580.jpg]
[blogosphere.cmsmasters.net/fashion/2017/09/01/tactics-for-avoiding-the-comparison-trap/index.html]
[blogosphere.cmsmasters.net/fashion/wp-content/uploads/sites/4/2017/09/blog4-3t-580x580.jpg]
[blogosphere.cmsmasters.net/fashion/2017/09/06/fashion-and-beauty-tips-every-woman/index.html]
[blogosphere.cmsmasters.net/fashion/2017/09/10/7-lessons-learned-on-fashion-photography-shoot/index.html]
[blogosphere.cmsmasters.net/fashion/2017/09/03/how-to-be-more-creative/index.html]
[blogosphere.cmsmasters.net/fashion/wp-content/uploads/sites/4/2017/09/blog4-4t-580x580.jpg]
[blogosphere.cmsmasters.net/fashion/2017/09/04/husky-rescue-new-light-of-tomorrow/index.html]
[blogosphere.cmsmasters.net/fashion/standard-blog/index.html]
[blogosphere.cmsmasters.net/fashion/wp-content/uploads/sites/4/2017/09/blog4-5.jpg]
[blogosphere.cmsmasters.net/fashion/masonry-blog/index.html]
[blogosphere.cmsmasters.net/fashion/timeline-blog/index.html]
[blogosphere.cmsmasters.net/fashion/side-blog/index.html]
[blogosphere.cmsmasters.net/fashion/wp-content/uploads/sites/4/2017/09/blog4-5-1160x1547.jpg]
[blogosphere.cmsmasters.net/fashion/puzzle-blog/index.html]
[blogosphere.cmsmasters.net/fashion/wp-content/uploads/sites/4/2017/09/blog4-6.jpg]
[blogosphere.cmsmasters.net/fashion/grid-blog/index.html]
[blogosphere.cmsmasters.net/fashion/category/features/index.html]
[blogosphere.cmsmasters.net/fashion/wp-content/uploads/sites/4/2017/09/blog4-6-1160x930.jpg]
[blogosphere.cmsmasters.net/fashion/shop/index.html]
[blogosphere.cmsmasters.net/fashion/typography-2/index.html]
[blogosphere.cmsmasters.net/fashion/contacts/index.html]
[blogosphere.cmsmasters.net/fashion/wp-content/uploads/sites/4/2017/09/blog4-7.jpg]
[blogosphere.cmsmasters.net/fashion/2017/09/28/fashion-hats-shopping-styling-tips/index.html]
[blogosphere.cmsmasters.net/fashion/2017/09/26/stylish-accessories-for-getting-high-photos/index.html]
[blogosphere.cmsmasters.net/fashion/2017/09/24/all-the-best-street-style-moments/index.html]
[blogosphere.cmsmasters.net/fashion/wp-content/uploads/sites/4/2017/09/blog4-7-1160x820.jpg]
[blogosphere.cmsmasters.net/fashion/category/photo/index.html]
[blogosphere.cmsmasters.net/fashion/wp-content/uploads/sites/4/2017/12/h5.jpg]
[blogosphere.cmsmasters.net/fashion/author/cmsmasters/index.html]
[blogosphere.cmsmasters.net/fashion/2017/09/24/top-10-photo-shoot-locations-near-you/index.html]
[blogosphere.cmsmasters.net/fashion/wp-content/uploads/sites/4/2017/11/h-5.png]
[blogosphere.cmsmasters.net/fashion/category/fashion-trends/index.html]
[blogosphere.cmsmasters.net/fashion/wp-content/uploads/sites/4/2017/12/h4-2.jpg]
[blogosphere.cmsmasters.net/fashion/category/fashion-store/index.html]
[blogosphere.cmsmasters.net/fashion/wp-content/uploads/sites/4/2017/09/blog4-2t-75x75.jpg]
[blogosphere.cmsmasters.net/fashion/2017/09/22/2018-fashion-trends-guide-to-spring-styles/index.html]
[blogosphere.cmsmasters.net/fashion/2017/09/20/what-to-consider-when-designing-a-store-layout/index.html]
[blogosphere.cmsmasters.net/fashion/wp-content/uploads/sites/4/2017/09/blog4-3t-75x75.jpg]
[blogosphere.cmsmasters.net/fashion/wp-content/uploads/sites/4/2017/09/blog4-4t-75x75.jpg]
[blogosphere.cmsmasters.net/fashion/wp-content/uploads/sites/4/2017/09/project4-7t.jpg]
[blogosphere.cmsmasters.net/fashion/wp-content/uploads/sites/4/2017/09/project4-4t.jpg]
[blogosphere.cmsmasters.net/fashion/page/2/index.html]
[blogosphere.cmsmasters.net/fashion/page/4/index.html]
[blogosphere.cmsmasters.net/fashion/wp-content/uploads/sites/4/2017/09/project4-5t.jpg]
[blogosphere.cmsmasters.net/fashion/wp-content/plugins/instagram-feed/img/placeholder.png]
[blogosphere.cmsmasters.net/fashion/project/fashion-look/index.html]
[blogosphere.cmsmasters.net/fashion/project/mens-fashion/index.html]
[blogosphere.cmsmasters.net/fashion/project/fashion-accessories/index.html]
[blogosphere.cmsmasters.net/fashion/wp-content/plugins/mailpoet/assets/dist/css/mailpoet-public.a09bafc31eb7.css]
[blogosphere.cmsmasters.net/fashion/wp-content/plugins/revslider/public/assets/css/rs63883.css]
[blogosphere.cmsmasters.net/fashion/wp-content/plugins/cmsmasters-mega-menu/js/jquery.megaMenu077c.js]
[blogosphere.cmsmasters.net/fashion/wp-content/plugins/contact-form-7/includes/swv/js/index42f0.js]
[blogosphere.cmsmasters.net/fashion/wp-content/plugins/contact-form-7/includes/js/index42f0.js]
[blogosphere.cmsmasters.net/fashion/wp-content/plugins/woocommerce/assets/js/jquery-blockui/jquery.blockUI.mindc32.js]
[blogosphere.cmsmasters.net/fashion/wp-content/plugins/woocommerce/assets/js/frontend/add-to-cart.min823d.js]
[blogosphere.cmsmasters.net/fashion/wp-content/plugins/woocommerce/assets/js/js-cookie/js.cookie.minc599.js]
[blogosphere.cmsmasters.net/fashion/wp-content/plugins/woocommerce/assets/js/frontend/woocommerce.min823d.js]
[blogosphere.cmsmasters.net/fashion/wp-content/plugins/woocommerce/assets/js/frontend/cart-fragments.min823d.js]
[blogosphere.cmsmasters.net/fashion/wp-content/themes/blogosphere/js/cmsmasters-hover-slider.min8a54.js]
[blogosphere.cmsmasters.net/fashion/wp-content/themes/blogosphere/js/easing.min8a54.js]
[blogosphere.cmsmasters.net/fashion/wp-content/themes/blogosphere/js/easy-pie-chart.min8a54.js]
[blogosphere.cmsmasters.net/fashion/wp-content/themes/blogosphere/js/mousewheel.min8a54.js]
[blogosphere.cmsmasters.net/fashion/wp-content/themes/blogosphere/js/owlcarousel.min8a54.js]
[blogosphere.cmsmasters.net/fashion/wp-includes/js/imagesloaded.mineda1.js]
[blogosphere.cmsmasters.net/fashion/wp-content/themes/blogosphere/js/request-animation-frame.min8a54.js]
[blogosphere.cmsmasters.net/fashion/wp-content/themes/blogosphere/js/scrollspy8a54.js]
[blogosphere.cmsmasters.net/fashion/wp-content/themes/blogosphere/js/scroll-to.min8a54.js]
[blogosphere.cmsmasters.net/fashion/wp-content/themes/blogosphere/js/stellar.min8a54.js]
[blogosphere.cmsmasters.net/fashion/wp-content/themes/blogosphere/js/waypoints.min8a54.js]
[blogosphere.cmsmasters.net/fashion/wp-content/themes/blogosphere/js/jquery.script8a54.js]
[blogosphere.cmsmasters.net/fashion/wp-content/themes/blogosphere/theme-framework/theme-style/js/jquery.theme-script8a54.js]
[blogosphere.cmsmasters.net/fashion/wp-content/themes/blogosphere/js/jquery.tweet.mine7f0.js]
[blogosphere.cmsmasters.net/fashion/wp-content/themes/blogosphere/js/smooth-sticky.min20b9.js]
[blogosphere.cmsmasters.net/fashion/wp-includes/js/comment-reply.min1eb7.js]
[blogosphere.cmsmasters.net/fashion/wp-content/themes/blogosphere/woocommerce/cmsmasters-framework/theme-style/js/jquery.plugin-script8a54.js]
[blogosphere.cmsmasters.net/fashion/wp-content/themes/blogosphere/js/jquery.isotope.min5d6b.js]
[blogosphere.cmsmasters.net/fashion/wp-content/themes/blogosphere/theme-framework/theme-style/js/jquery.isotope.mode8a54.js]
[blogosphere.cmsmasters.net/fashion/wp-content/plugins/mailpoet/assets/dist/js/public.30f9470ee18b.js]
[blogosphere.cmsmasters.net/fashion/wp-content/plugins/instagram-feed/js/sbi-scripts.mind42d.js]
[blogosphere.cmsmasters.net/fashion/index.html]
[blogosphere.cmsmasters.net/fashion/xmlrpc.html]
[blogosphere.cmsmasters.net/fashion/wp-content/plugins/instagram-feed/css/sbi-styles.mind42d.css]
[blogosphere.cmsmasters.net/fashion/wp-content/plugins/LayerSlider/assets/static/layerslider/img/icon-muted-white.png]
[blogosphere.cmsmasters.net/fashion/wp-content/plugins/LayerSlider/assets/static/layerslider/img/icon-unmuted-white.png]
[blogosphere.cmsmasters.net/fashion/wp-content/plugins/LayerSlider/assets/static/layerslider/css/layerslider56ef.css]
[blogosphere.cmsmasters.net/fashion/wp-includes/css/dist/block-library/style.min1eb7.css]
[blogosphere.cmsmasters.net/fashion/wp-content/plugins/woocommerce/packages/woocommerce-blocks/build/wc-blocks-vendors-style2ff6.css]
[blogosphere.cmsmasters.net/fashion/wp-content/plugins/woocommerce/packages/woocommerce-blocks/build/wc-blocks-style2ff6.css]
[blogosphere.cmsmasters.net/fashion/wp-content/plugins/contact-form-7/includes/css/styles42f0.css]
[blogosphere.cmsmasters.net/fashion/wp-content/plugins/cookie-law-info/legacy/public/css/cookie-law-info-public19ce.css]
[blogosphere.cmsmasters.net/fashion/wp-content/plugins/cookie-law-info/legacy/public/css/cookie-law-info-gdpr19ce.css]
[blogosphere.cmsmasters.net/fashion/wp-content/themes/blogosphere/style8a54.css]
[blogosphere.cmsmasters.net/fashion/wp-content/themes/blogosphere/img/select.png]
[blogosphere.cmsmasters.net/fashion/wp-content/themes/blogosphere/theme-framework/theme-style/css/style8a54.css]
[blogosphere.cmsmasters.net/fashion/wp-content/themes/blogosphere/theme-framework/theme-style/css/adaptive8a54.css]
[blogosphere.cmsmasters.net/fashion/wp-content/themes/blogosphere/theme-framework/theme-style/css/retina8a54.css]
[blogosphere.cmsmasters.net/fashion/wp-content/themes/blogosphere/css/fonts/fontellob975.eot]
[blogosphere.cmsmasters.net/fashion/wp-content/themes/blogosphere/css/fonts/fontellob975.woff]
[blogosphere.cmsmasters.net/fashion/wp-content/themes/blogosphere/css/fonts/fontellob975.ttf]
[blogosphere.cmsmasters.net/fashion/wp-content/themes/blogosphere/css/fontello8a54.css]
[blogosphere.cmsmasters.net/fashion/wp-content/themes/blogosphere/theme-vars/theme-style/css/fonts/fontello-custombe63.eot]
[blogosphere.cmsmasters.net/fashion/wp-content/themes/blogosphere/theme-vars/theme-style/css/fonts/fontello-custombe63.woff]
[blogosphere.cmsmasters.net/fashion/wp-content/themes/blogosphere/theme-vars/theme-style/css/fonts/fontello-custombe63.ttf]
[blogosphere.cmsmasters.net/fashion/wp-content/themes/blogosphere/theme-vars/theme-style/css/fontello-custom8a54.css]
[blogosphere.cmsmasters.net/fashion/wp-content/themes/blogosphere/css/animate8a54.css]
[blogosphere.cmsmasters.net/fashion/wp-content/themes/blogosphere/css/ilightbox3601.css]
[blogosphere.cmsmasters.net/fashion/wp-content/themes/blogosphere/img/ilightbox/dark-skin/preloader.gif]
[blogosphere.cmsmasters.net/fashion/wp-content/themes/blogosphere/img/ilightbox/dark-skin/caption-bg.png]
[blogosphere.cmsmasters.net/fashion/wp-content/themes/blogosphere/img/ilightbox/dark-skin/alert.png]
[blogosphere.cmsmasters.net/fashion/wp-content/themes/blogosphere/img/ilightbox/dark-skin/buttons.png]
[blogosphere.cmsmasters.net/fashion/wp-content/themes/blogosphere/img/ilightbox/dark-skin/fullscreen-icon-64.png]
[blogosphere.cmsmasters.net/fashion/wp-content/themes/blogosphere/img/ilightbox/dark-skin/fullscreen-icon-ie.png]
[blogosphere.cmsmasters.net/fashion/wp-content/themes/blogosphere/img/ilightbox/dark-skin/x-mark-icon-64.png]
[blogosphere.cmsmasters.net/fashion/wp-content/themes/blogosphere/img/ilightbox/dark-skin/x-mark-icon-ie.png]
[blogosphere.cmsmasters.net/fashion/wp-content/themes/blogosphere/img/ilightbox/dark-skin/arrow-next-icon-64.png]
[blogosphere.cmsmasters.net/fashion/wp-content/themes/blogosphere/img/ilightbox/dark-skin/arrow-next-icon-ie.png]
[blogosphere.cmsmasters.net/fashion/wp-content/themes/blogosphere/img/ilightbox/dark-skin/arrow-prev-icon-64.png]
[blogosphere.cmsmasters.net/fashion/wp-content/themes/blogosphere/img/ilightbox/dark-skin/arrow-prev-icon-ie.png]
[blogosphere.cmsmasters.net/fashion/wp-content/themes/blogosphere/img/ilightbox/dark-skin/play-icon-64.png]
[blogosphere.cmsmasters.net/fashion/wp-content/themes/blogosphere/img/ilightbox/dark-skin/play-icon-ie.png]
[blogosphere.cmsmasters.net/fashion/wp-content/themes/blogosphere/img/ilightbox/dark-skin/pause-icon-64.png]
[blogosphere.cmsmasters.net/fashion/wp-content/themes/blogosphere/img/ilightbox/dark-skin/pause-icon-ie.png]
[blogosphere.cmsmasters.net/fashion/wp-content/themes/blogosphere/img/ilightbox/dark-skin/thumb-overlay-play.png]
[blogosphere.cmsmasters.net/fashion/wp-content/themes/blogosphere/img/ilightbox/dark-skin/arrow-next-vertical-icon-64.png]
[blogosphere.cmsmasters.net/fashion/wp-content/themes/blogosphere/img/ilightbox/dark-skin/arrow-prev-vertical-icon-64.png]
[blogosphere.cmsmasters.net/fashion/wp-content/themes/blogosphere/css/ilightbox-skins/dark-skin3601.css]
[blogosphere.cmsmasters.net/fashion/wp-content/uploads/sites/4/cmsmasters_styles/blogosphere8a54.css]
[blogosphere.cmsmasters.net/fashion/wp-content/themes/blogosphere/gutenberg/cmsmasters-framework/theme-style/css/frontend-style8a54.css]
[blogosphere.cmsmasters.net/fashion/wp-content/themes/blogosphere/woocommerce/cmsmasters-framework/theme-style/css/plugin-style8a54.css]
[blogosphere.cmsmasters.net/fashion/wp-content/themes/blogosphere/woocommerce/cmsmasters-framework/theme-style/css/plugin-adaptive8a54.css]
[blogosphere.cmsmasters.net/fashion/xmlrpc0db0.html]
[blogosphere.cmsmasters.net/fashion/wp-content/uploads/sites/4/2015/12/am-2.jpg]
[blogosphere.cmsmasters.net/fashion/wp-json/wp/v2/pages/8946.json]
[blogosphere.cmsmasters.net/fashion/wp-json/oembed/1.0/embed412b.json]
[blogosphere.cmsmasters.net/fashion/wp-json/oembed/1.0/embed5314]
[blogosphere.cmsmasters.net/fashion/about-me/index.html]
[blogosphere.cmsmasters.net/fashion/wp-json/wp/v2/posts/13392.json]
[blogosphere.cmsmasters.net/fashion/2017/09/01/tactics-for-avoiding-the-comparison-trap/feed/index.html]
[blogosphere.cmsmasters.net/fashion/wp-json/oembed/1.0/embed504e.json]
[blogosphere.cmsmasters.net/fashion/wp-json/oembed/1.0/embed71d0]
[blogosphere.cmsmasters.net/fashion/wp-content/uploads/sites/4/2017/09/blog4-2t.jpg]
[blogosphere.cmsmasters.net/fashion/wp-content/uploads/sites/4/2017/09/blog4-3t.jpg]
[blogosphere.cmsmasters.net/fashion/category/individuality/index.html]
[blogosphere.cmsmasters.net/fashion/wp-content/uploads/sites/4/2017/09/blog4-4t.jpg]
[blogosphere.cmsmasters.net/fashion/wp-content/uploads/sites/4/2017/09/project4-2t.jpg]
[blogosphere.cmsmasters.net/fashion/wp-content/uploads/sites/4/2017/09/project4-6t.jpg]
[blogosphere.cmsmasters.net/fashion/wp-content/uploads/sites/4/2017/09/project4-3t.jpg]
[blogosphere.cmsmasters.net/fashion/2017/09/01/tactics-for-avoiding-the-comparison-trap/index.html]
[blogosphere.cmsmasters.net/fashion/project/casual-look/index.html]
[blogosphere.cmsmasters.net/fashion/project/shooting-video/index.html]
[blogosphere.cmsmasters.net/fashion/project/subject-photography/index.html]
[blogosphere.cmsmasters.net/fashion/wp-json/wp/v2/posts/8036.json]
[blogosphere.cmsmasters.net/fashion/2017/09/10/7-lessons-learned-on-fashion-photography-shoot/feed/index.html]
[blogosphere.cmsmasters.net/fashion/wp-json/oembed/1.0/embed40ac.json]
[blogosphere.cmsmasters.net/fashion/wp-json/oembed/1.0/embedbd87]
[blogosphere.cmsmasters.net/fashion/wp-content/uploads/sites/4/2017/09/blog4-1.jpg]
[blogosphere.cmsmasters.net/fashion/wp-content/uploads/sites/4/2017/09/blog4-1-860x556.jpg]
[blogosphere.cmsmasters.net/fashion/category/photography-shoot/index.html]
[blogosphere.cmsmasters.net/fashion/wp-content/uploads/sites/4/2017/09/blog4-11t-150x150.jpg]
[blogosphere.cmsmasters.net/fashion/2017/09/08/mens-style-guide-tips-fashion-advice/index.html]
[blogosphere.cmsmasters.net/fashion/wp-content/uploads/sites/4/2017/09/blog4-10t-150x150.jpg]
[blogosphere.cmsmasters.net/fashion/2017/09/10/7-lessons-learned-on-fashion-photography-shoot/index.html]
[blogosphere.cmsmasters.net/fashion/2017/09/13/spring-2018-trend-knot-everything-you-can/index.html]
[blogosphere.cmsmasters.net/fashion/2017/09/10/7-lessons-learned-on-fashion-photography-shoot/indexc299.html]
[blogosphere.cmsmasters.net/fashion/2017/09/10/7-lessons-learned-on-fashion-photography-shoot/index6b62.html]
[blogosphere.cmsmasters.net/fashion/2017/09/10/7-lessons-learned-on-fashion-photography-shoot/index9909.html]
[blogosphere.cmsmasters.net/fashion/2017/09/10/7-lessons-learned-on-fashion-photography-shoot/indexb4e8.html]
[blogosphere.cmsmasters.net/fashion/wp-json/wp/v2/posts/1965.json]
[blogosphere.cmsmasters.net/fashion/2017/09/06/fashion-and-beauty-tips-every-woman/feed/index.html]
[blogosphere.cmsmasters.net/fashion/wp-json/oembed/1.0/embedadeb.json]
[blogosphere.cmsmasters.net/fashion/wp-json/oembed/1.0/embed77c9]
[blogosphere.cmsmasters.net/fashion/wp-content/uploads/sites/4/2017/09/blog4-12-860x1147.jpg]
[blogosphere.cmsmasters.net/fashion/wp-content/uploads/sites/4/2017/09/blog4-5-860x1147.jpg]
[blogosphere.cmsmasters.net/fashion/2017/09/06/fashion-and-beauty-tips-every-woman/index.html]
[blogosphere.cmsmasters.net/fashion/category/fashion/index.html]
[blogosphere.cmsmasters.net/fashion/2017/09/06/fashion-and-beauty-tips-every-woman/index3094.html]
[blogosphere.cmsmasters.net/fashion/wp-json/wp/v2/posts/13397.json]
[blogosphere.cmsmasters.net/fashion/2017/09/06/fashion-and-beauty-tips-every-woman/index148c.html]
[blogosphere.cmsmasters.net/fashion/2017/09/06/fashion-and-beauty-tips-every-woman/index0987.html]
[blogosphere.cmsmasters.net/fashion/2017/09/06/fashion-and-beauty-tips-every-woman/index63d8.html]
[blogosphere.cmsmasters.net/fashion/2017/09/06/fashion-and-beauty-tips-every-woman/index19c4.html]
[blogosphere.cmsmasters.net/fashion/wp-json/oembed/1.0/embed4b7a.json]
[blogosphere.cmsmasters.net/fashion/2017/09/03/how-to-be-more-creative/feed/index.html]
[blogosphere.cmsmasters.net/fashion/wp-json/oembed/1.0/embedf82a]
[blogosphere.cmsmasters.net/fashion/2017/09/03/how-to-be-more-creative/index.html]
[blogosphere.cmsmasters.net/fashion/wp-json/wp/v2/posts/13402.json]
[blogosphere.cmsmasters.net/fashion/2017/09/04/husky-rescue-new-light-of-tomorrow/feed/index.html]
[blogosphere.cmsmasters.net/fashion/wp-json/oembed/1.0/embed4588.json]
[blogosphere.cmsmasters.net/fashion/wp-json/oembed/1.0/embed2939]
[blogosphere.cmsmasters.net/fashion/wp-content/uploads/sites/4/2017/09/blog4-12t-150x150.jpg]
[blogosphere.cmsmasters.net/fashion/wp-includes/js/mediaelement/mediaelementplayer-legacy.min08e1.css]
[blogosphere.cmsmasters.net/fashion/wp-includes/js/mediaelement/wp-mediaelement.min1eb7.css]
[blogosphere.cmsmasters.net/fashion/wp-includes/js/mediaelement/mediaelement-and-player.min08e1.js]
[blogosphere.cmsmasters.net/fashion/wp-includes/js/mediaelement/mediaelement-migrate.min1eb7.js]
[blogosphere.cmsmasters.net/fashion/wp-includes/js/mediaelement/wp-mediaelement.min1eb7.js]
[blogosphere.cmsmasters.net/fashion/2017/09/04/husky-rescue-new-light-of-tomorrow/index.html]
[blogosphere.cmsmasters.net/fashion/standard-blog/feed/index.html]
[blogosphere.cmsmasters.net/fashion/wp-json/wp/v2/pages/882.json]
[blogosphere.cmsmasters.net/fashion/wp-json/oembed/1.0/embed561a.json]
[blogosphere.cmsmasters.net/fashion/wp-json/oembed/1.0/embed4337]
[blogosphere.cmsmasters.net/fashion/wp-content/uploads/sites/4/2017/09/blog4-8.jpg]
[blogosphere.cmsmasters.net/fashion/wp-content/uploads/sites/4/2017/09/blog4-8-1160x750.jpg]
[blogosphere.cmsmasters.net/fashion/category/beauty/index.html]
[blogosphere.cmsmasters.net/fashion/wp-content/uploads/sites/4/2017/09/blog4-9.jpg]
[blogosphere.cmsmasters.net/fashion/wp-content/uploads/sites/4/2017/09/blog4-9-1160x750.jpg]
[blogosphere.cmsmasters.net/fashion/2017/09/18/12-beauty-tips-from-backstage-fashion-show/index.html]
[blogosphere.cmsmasters.net/fashion/standard-blog/index.html]
[blogosphere.cmsmasters.net/fashion/category/mens-fashion/index.html]
[blogosphere.cmsmasters.net/fashion/2017/09/15/mens-fashion-tips-and-style-guide-for-2018/index.html]
[blogosphere.cmsmasters.net/fashion/wp-json/wp/v2/pages/887.json]
[blogosphere.cmsmasters.net/fashion/masonry-blog/feed/index.html]
[blogosphere.cmsmasters.net/fashion/wp-json/oembed/1.0/embedfe33.json]
[blogosphere.cmsmasters.net/fashion/wp-json/oembed/1.0/embed1f50]
[blogosphere.cmsmasters.net/fashion/wp-content/uploads/sites/4/2017/09/blog4-7-860x608.jpg]
[blogosphere.cmsmasters.net/fashion/wp-content/uploads/sites/4/2017/09/blog4-3.jpg]
[blogosphere.cmsmasters.net/fashion/wp-content/uploads/sites/4/2017/09/blog4-3-860x860.jpg]
[blogosphere.cmsmasters.net/fashion/wp-content/uploads/sites/4/2017/09/blog4-10.jpg]
[blogosphere.cmsmasters.net/fashion/wp-content/uploads/sites/4/2017/09/blog4-10-860x556.jpg]
[blogosphere.cmsmasters.net/fashion/wp-content/uploads/sites/4/2017/09/blog4-2.jpg]
[blogosphere.cmsmasters.net/fashion/wp-content/uploads/sites/4/2017/09/blog4-2-860x860.jpg]
[blogosphere.cmsmasters.net/fashion/wp-content/uploads/sites/4/2017/09/blog4-12-580x469.jpg]
[blogosphere.cmsmasters.net/fashion/wp-content/uploads/sites/4/2017/09/blog4-5-580x469.jpg]
[blogosphere.cmsmasters.net/fashion/wp-content/uploads/sites/4/2017/09/blog4-4.jpg]
[blogosphere.cmsmasters.net/fashion/wp-content/uploads/sites/4/2017/09/blog4-4-860x860.jpg]
[blogosphere.cmsmasters.net/fashion/masonry-blog/index.html]
[blogosphere.cmsmasters.net/fashion/masonry-blog/page/2/index.html]
[blogosphere.cmsmasters.net/fashion/wp-json/wp/v2/pages/889.json]
[blogosphere.cmsmasters.net/fashion/timeline-blog/feed/index.html]
[blogosphere.cmsmasters.net/fashion/wp-json/oembed/1.0/embed92be.json]
[blogosphere.cmsmasters.net/fashion/wp-json/oembed/1.0/embed794a]
[blogosphere.cmsmasters.net/fashion/wp-content/uploads/sites/4/2017/09/blog4-12-860x635.jpg]
[blogosphere.cmsmasters.net/fashion/wp-content/uploads/sites/4/2017/09/blog4-5-860x635.jpg]
[blogosphere.cmsmasters.net/fashion/wp-content/uploads/sites/4/2017/09/blog4-11.jpg]
[blogosphere.cmsmasters.net/fashion/wp-content/uploads/sites/4/2017/09/blog4-11-860x1147.jpg]
[blogosphere.cmsmasters.net/fashion/wp-content/uploads/sites/4/2017/09/blog4-9-860x556.jpg]
[blogosphere.cmsmasters.net/fashion/wp-content/uploads/sites/4/2017/09/blog4-8-860x556.jpg]
[blogosphere.cmsmasters.net/fashion/wp-content/uploads/sites/4/2017/09/blog4-6-860x689.jpg]
[blogosphere.cmsmasters.net/fashion/timeline-blog/index.html]
[blogosphere.cmsmasters.net/fashion/wp-json/wp/v2/pages/13781.json]
[blogosphere.cmsmasters.net/fashion/wp-json/oembed/1.0/embed2ece.json]
[blogosphere.cmsmasters.net/fashion/wp-json/oembed/1.0/embed1e9a]
[blogosphere.cmsmasters.net/fashion/side-blog/index.html]
[blogosphere.cmsmasters.net/fashion/wp-json/wp/v2/pages/13382.json]
[blogosphere.cmsmasters.net/fashion/wp-json/oembed/1.0/embed3c3b.json]
[blogosphere.cmsmasters.net/fashion/wp-json/oembed/1.0/embed6754]
[blogosphere.cmsmasters.net/fashion/wp-content/uploads/sites/4/2017/09/blog4-5t-580x580.jpg]
[blogosphere.cmsmasters.net/fashion/wp-content/uploads/sites/4/2017/09/blog4-6t-580x580.jpg]
[blogosphere.cmsmasters.net/fashion/wp-content/uploads/sites/4/2017/09/blog4-7t-580x580.jpg]
[blogosphere.cmsmasters.net/fashion/puzzle-blog/index.html]
[blogosphere.cmsmasters.net/fashion/wp-json/wp/v2/pages/74.json]
[blogosphere.cmsmasters.net/fashion/grid-blog/feed/index.html]
[blogosphere.cmsmasters.net/fashion/wp-json/oembed/1.0/embed139b.json]
[blogosphere.cmsmasters.net/fashion/wp-json/oembed/1.0/embed9dcc]
[blogosphere.cmsmasters.net/fashion/grid-blog/index.html]
[blogosphere.cmsmasters.net/fashion/wp-json/wp/v2/categories/18.json]
[blogosphere.cmsmasters.net/fashion/grid-blog/page/2/index.html]
[blogosphere.cmsmasters.net/fashion/category/features/feed/index.html]
[blogosphere.cmsmasters.net/fashion/wp-content/uploads/sites/4/2017/09/blog4-2t-350x350.jpg]
[blogosphere.cmsmasters.net/fashion/wp-content/uploads/sites/4/2017/09/blog4-3t-350x350.jpg]
[blogosphere.cmsmasters.net/fashion/wp-content/uploads/sites/4/2017/09/blog4-4t-350x350.jpg]
[blogosphere.cmsmasters.net/fashion/category/features/index.html]
[blogosphere.cmsmasters.net/fashion/wp-content/uploads/sites/4/2015/05/shop-4.jpg]
[blogosphere.cmsmasters.net/fashion/wp-content/uploads/sites/4/2015/05/shop-2.jpg]
[blogosphere.cmsmasters.net/fashion/shop/feed/index.html]
[blogosphere.cmsmasters.net/fashion/product-category/technique/index.html]
[blogosphere.cmsmasters.net/fashion/product-category/shop/index.html]
[blogosphere.cmsmasters.net/fashion/wp-content/uploads/sites/4/2015/05/shop-3.jpg]
[blogosphere.cmsmasters.net/fashion/wp-content/uploads/sites/4/2015/05/shop-1.jpg]
[blogosphere.cmsmasters.net/fashion/wp-content/uploads/sites/4/2015/05/shop-5.jpg]
[blogosphere.cmsmasters.net/fashion/product/camera/index.html]
[blogosphere.cmsmasters.net/fashion/shop/indexc6bb.html]
[blogosphere.cmsmasters.net/fashion/cart/index.html]
[blogosphere.cmsmasters.net/fashion/wp-content/uploads/sites/4/2015/05/shop-6.jpg]
[blogosphere.cmsmasters.net/fashion/shop/index.html]
[blogosphere.cmsmasters.net/fashion/product-category/flowers/index.html]
[blogosphere.cmsmasters.net/fashion/product-category/interior/index.html]
[blogosphere.cmsmasters.net/fashion/shop/indexc727.html]
[blogosphere.cmsmasters.net/fashion/product/indoor-flower/index.html]
[blogosphere.cmsmasters.net/fashion/wp-json/wp/v2/pages/11986.json]
[blogosphere.cmsmasters.net/fashion/product-category/accessories/index.html]
[blogosphere.cmsmasters.net/fashion/product/modern-glasses/index.html]
[blogosphere.cmsmasters.net/fashion/wp-json/oembed/1.0/embedbf30.json]
[blogosphere.cmsmasters.net/fashion/shop/indexf147.html]
[blogosphere.cmsmasters.net/fashion/product/spherical-vase/index.html]
[blogosphere.cmsmasters.net/fashion/shop/index2b5c.html]
[blogosphere.cmsmasters.net/fashion/wp-json/oembed/1.0/embed718e]
[blogosphere.cmsmasters.net/fashion/product/style-set/index.html]
[blogosphere.cmsmasters.net/fashion/shop/index804b.html]
[blogosphere.cmsmasters.net/fashion/wp-content/uploads/sites/4/2016/11/blog-2.jpg]
[blogosphere.cmsmasters.net/fashion/typography-2/index.html]
[blogosphere.cmsmasters.net/fashion/product/watch/index.html]
[blogosphere.cmsmasters.net/fashion/wp-json/wp/v2/pages/11850.json]
[blogosphere.cmsmasters.net/fashion/wp-json/oembed/1.0/embed2663.json]
[blogosphere.cmsmasters.net/fashion/wp-json/oembed/1.0/embed93bd]
[blogosphere.cmsmasters.net/fashion/contacts/index.html]
[blogosphere.cmsmasters.net/fashion/wp-json/wp/v2/posts/285.json]
[blogosphere.cmsmasters.net/fashion/2017/09/28/fashion-hats-shopping-styling-tips/feed/index.html]
[blogosphere.cmsmasters.net/fashion/wp-json/oembed/1.0/embedb7f7.json]
[blogosphere.cmsmasters.net/fashion/wp-json/oembed/1.0/embed80a8]
[blogosphere.cmsmasters.net/fashion/wp-content/uploads/sites/4/2017/09/blog4-3t-150x150.jpg]
[blogosphere.cmsmasters.net/fashion/wp-content/uploads/sites/4/2017/09/blog4-5t.jpg]
[blogosphere.cmsmasters.net/fashion/2017/09/28/fashion-hats-shopping-styling-tips/index.html]
[blogosphere.cmsmasters.net/fashion/2017/09/28/fashion-hats-shopping-styling-tips/indexaecb.html]
[blogosphere.cmsmasters.net/fashion/2017/09/28/fashion-hats-shopping-styling-tips/index0c0b.html]
[blogosphere.cmsmasters.net/fashion/2017/09/28/fashion-hats-shopping-styling-tips/indexb5e4.html]
[blogosphere.cmsmasters.net/fashion/wp-json/wp/v2/posts/103.json]
[blogosphere.cmsmasters.net/fashion/2017/09/28/fashion-hats-shopping-styling-tips/indexdcd9.html]
[blogosphere.cmsmasters.net/fashion/2017/09/26/stylish-accessories-for-getting-high-photos/feed/index.html]
[blogosphere.cmsmasters.net/fashion/2017/09/28/fashion-hats-shopping-styling-tips/index055f.html]
[blogosphere.cmsmasters.net/fashion/wp-json/oembed/1.0/embedff9d.json]
[blogosphere.cmsmasters.net/fashion/wp-json/oembed/1.0/embedc883]
[blogosphere.cmsmasters.net/fashion/wp-content/uploads/sites/4/2017/09/blog4-4t-150x150.jpg]
[blogosphere.cmsmasters.net/fashion/wp-content/uploads/sites/4/2017/09/blog4-2t-150x150.jpg]
[blogosphere.cmsmasters.net/fashion/2017/09/26/stylish-accessories-for-getting-high-photos/index.html]
[blogosphere.cmsmasters.net/fashion/wp-json/wp/v2/posts/13095.json]
[blogosphere.cmsmasters.net/fashion/2017/09/24/all-the-best-street-style-moments/feed/index.html]
[blogosphere.cmsmasters.net/fashion/wp-json/oembed/1.0/embedc1ce.json]
[blogosphere.cmsmasters.net/fashion/wp-json/oembed/1.0/embed8b19]
[blogosphere.cmsmasters.net/fashion/wp-content/uploads/sites/4/2017/09/blog4-5t-150x150.jpg]
[blogosphere.cmsmasters.net/fashion/2017/09/24/all-the-best-street-style-moments/index.html]
[blogosphere.cmsmasters.net/fashion/2017/09/24/all-the-best-street-style-moments/indexa406.html]
[blogosphere.cmsmasters.net/fashion/2017/09/24/all-the-best-street-style-moments/indexa0fd.html]
[blogosphere.cmsmasters.net/fashion/2017/09/24/all-the-best-street-style-moments/indexeae2.html]
[blogosphere.cmsmasters.net/fashion/wp-json/wp/v2/categories/44.json]
[blogosphere.cmsmasters.net/fashion/wp-content/uploads/sites/4/2017/09/blog4-5t-350x350.jpg]
[blogosphere.cmsmasters.net/fashion/category/photo/index.html]
[blogosphere.cmsmasters.net/fashion/2017/09/24/all-the-best-street-style-moments/index1ee2.html]
[blogosphere.cmsmasters.net/fashion/2017/09/24/all-the-best-street-style-moments/index54f0.html]
[blogosphere.cmsmasters.net/fashion/2017/09/24/all-the-best-street-style-moments/index7ddb.html]
[blogosphere.cmsmasters.net/fashion/2017/09/24/all-the-best-street-style-moments/index9712.html]
[blogosphere.cmsmasters.net/fashion/2017/09/24/all-the-best-street-style-moments/index7824.html]
[blogosphere.cmsmasters.net/fashion/wp-json/wp/v2/posts/2938.json]
[blogosphere.cmsmasters.net/fashion/2017/09/24/all-the-best-street-style-moments/indexda97.html]
[blogosphere.cmsmasters.net/fashion/2017/09/24/all-the-best-street-style-moments/indexd6d3.html]
[blogosphere.cmsmasters.net/fashion/2017/09/24/all-the-best-street-style-moments/index2fd7.html]
[blogosphere.cmsmasters.net/fashion/wp-json/oembed/1.0/embedf981.json]
[blogosphere.cmsmasters.net/fashion/2017/09/24/all-the-best-street-style-moments/index6f2c.html]
[blogosphere.cmsmasters.net/fashion/2017/09/24/all-the-best-street-style-moments/indexe9da.html]
[blogosphere.cmsmasters.net/fashion/2017/09/24/all-the-best-street-style-moments/indexc7f3.html]
[blogosphere.cmsmasters.net/fashion/wp-json/oembed/1.0/embedb301]
[blogosphere.cmsmasters.net/fashion/2017/09/24/all-the-best-street-style-moments/index74bc.html]
[blogosphere.cmsmasters.net/fashion/2017/09/24/all-the-best-street-style-moments/index3c33.html]
[blogosphere.cmsmasters.net/fashion/2017/09/24/all-the-best-street-style-moments/indexd4c9.html]
[blogosphere.cmsmasters.net/fashion/wp-content/uploads/sites/4/2017/09/blog4-6t-150x150.jpg]
[blogosphere.cmsmasters.net/fashion/2017/09/24/top-10-photo-shoot-locations-near-you/index.html]
[blogosphere.cmsmasters.net/fashion/2017/09/24/all-the-best-street-style-moments/indexcfb3.html]
[blogosphere.cmsmasters.net/fashion/2017/09/24/all-the-best-street-style-moments/index6a15.html]
[blogosphere.cmsmasters.net/fashion/2017/09/24/all-the-best-street-style-moments/index2f8f.html]
[blogosphere.cmsmasters.net/fashion/2017/09/24/all-the-best-street-style-moments/index5535.html]
[blogosphere.cmsmasters.net/fashion/2017/09/24/all-the-best-street-style-moments/index42ea.html]
[blogosphere.cmsmasters.net/fashion/wp-json/wp/v2/users/2.json]
[blogosphere.cmsmasters.net/fashion/2017/09/24/all-the-best-street-style-moments/indexb790.html]
[blogosphere.cmsmasters.net/fashion/2017/09/24/all-the-best-street-style-moments/index094a.html]
[blogosphere.cmsmasters.net/fashion/2017/09/24/all-the-best-street-style-moments/indexc76a.html]
[blogosphere.cmsmasters.net/fashion/wp-content/uploads/sites/4/2017/09/project4-7t-350x350.jpg]
[blogosphere.cmsmasters.net/fashion/wp-content/uploads/sites/4/2017/09/project4-4t-350x350.jpg]
[blogosphere.cmsmasters.net/fashion/2017/09/24/all-the-best-street-style-moments/indexd77f.html]
[blogosphere.cmsmasters.net/fashion/2017/09/24/all-the-best-street-style-moments/index1bb7.html]
[blogosphere.cmsmasters.net/fashion/wp-content/uploads/sites/4/2017/09/blog4-6t-350x350.jpg]
[blogosphere.cmsmasters.net/fashion/2017/09/24/all-the-best-street-style-moments/index4110.html]
[blogosphere.cmsmasters.net/fashion/wp-content/uploads/sites/4/2017/09/project4-5t-350x350.jpg]
[blogosphere.cmsmasters.net/fashion/2017/09/24/all-the-best-street-style-moments/index6e16.html]
[blogosphere.cmsmasters.net/fashion/2017/09/24/all-the-best-street-style-moments/index02e3.html]
[blogosphere.cmsmasters.net/fashion/wp-content/uploads/sites/4/2017/09/blog4-7t-350x350.jpg]
[blogosphere.cmsmasters.net/fashion/2017/09/24/all-the-best-street-style-moments/indexbfe1.html]
[blogosphere.cmsmasters.net/fashion/wp-content/uploads/sites/4/2017/09/project4-2t-350x350.jpg]
[blogosphere.cmsmasters.net/fashion/2017/09/24/all-the-best-street-style-moments/indexcd53.html]
[blogosphere.cmsmasters.net/fashion/author/cmsmasters/index.html]
[blogosphere.cmsmasters.net/fashion/2017/09/24/all-the-best-street-style-moments/index6950.html]
[blogosphere.cmsmasters.net/fashion/2017/09/24/all-the-best-street-style-moments/index75f6.html]
[blogosphere.cmsmasters.net/fashion/2017/09/24/all-the-best-street-style-moments/index5c7b.html]
[blogosphere.cmsmasters.net/fashion/2017/09/24/all-the-best-street-style-moments/index2477.html]
[blogosphere.cmsmasters.net/fashion/wp-json/wp/v2/categories/45.json]
[blogosphere.cmsmasters.net/fashion/2017/09/24/all-the-best-street-style-moments/index38f1.html]
[blogosphere.cmsmasters.net/fashion/2017/09/24/all-the-best-street-style-moments/index5832.html]
[blogosphere.cmsmasters.net/fashion/2017/09/24/all-the-best-street-style-moments/index3e86.html]
[blogosphere.cmsmasters.net/fashion/wp-content/uploads/sites/4/2017/09/blog4-10t-350x350.jpg]
[blogosphere.cmsmasters.net/fashion/category/fashion-trends/index.html]
[blogosphere.cmsmasters.net/fashion/2017/09/24/all-the-best-street-style-moments/index0695.html]
[blogosphere.cmsmasters.net/fashion/2017/09/24/all-the-best-street-style-moments/indexc62c.html]
[blogosphere.cmsmasters.net/fashion/2017/09/24/all-the-best-street-style-moments/index547b.html]
[blogosphere.cmsmasters.net/fashion/2017/09/24/all-the-best-street-style-moments/index216e.html]
[blogosphere.cmsmasters.net/fashion/2017/09/24/all-the-best-street-style-moments/index9731.html]
[blogosphere.cmsmasters.net/fashion/wp-json/wp/v2/posts/10736.json]
[blogosphere.cmsmasters.net/fashion/2017/09/24/all-the-best-street-style-moments/index4153.html]
[blogosphere.cmsmasters.net/fashion/2017/09/24/all-the-best-street-style-moments/index3753.html]
[blogosphere.cmsmasters.net/fashion/2017/09/24/all-the-best-street-style-moments/index8aab.html]
[blogosphere.cmsmasters.net/fashion/wp-json/oembed/1.0/embed6703.json]
[blogosphere.cmsmasters.net/fashion/2017/09/24/all-the-best-street-style-moments/index19a3.html]
[blogosphere.cmsmasters.net/fashion/2017/09/24/all-the-best-street-style-moments/indexa343.html]
[blogosphere.cmsmasters.net/fashion/2017/09/24/all-the-best-street-style-moments/indexbba9.html]
[blogosphere.cmsmasters.net/fashion/wp-json/oembed/1.0/embeda2ac]
[blogosphere.cmsmasters.net/fashion/2017/09/24/all-the-best-street-style-moments/indexd030.html]
[blogosphere.cmsmasters.net/fashion/2017/09/24/all-the-best-street-style-moments/index20b5.html]
[blogosphere.cmsmasters.net/fashion/2017/09/24/all-the-best-street-style-moments/index1c6b.html]
[blogosphere.cmsmasters.net/fashion/wp-content/uploads/sites/4/2017/09/blog4-7t-150x150.jpg]
[blogosphere.cmsmasters.net/fashion/2017/09/22/2018-fashion-trends-guide-to-spring-styles/index.html]
[blogosphere.cmsmasters.net/fashion/2017/09/24/all-the-best-street-style-moments/index02d2.html]
[blogosphere.cmsmasters.net/fashion/2017/09/24/all-the-best-street-style-moments/indexc833.html]
[blogosphere.cmsmasters.net/fashion/2017/09/24/all-the-best-street-style-moments/indexa3aa.html]
[blogosphere.cmsmasters.net/fashion/2017/09/24/all-the-best-street-style-moments/index1545.html]
[blogosphere.cmsmasters.net/fashion/wp-json/wp/v2/categories/46.json]
[blogosphere.cmsmasters.net/fashion/2017/09/24/all-the-best-street-style-moments/indexfa01.html]
[blogosphere.cmsmasters.net/fashion/category/fashion-store/index.html]
[blogosphere.cmsmasters.net/fashion/2017/09/24/all-the-best-street-style-moments/index3ade.html]
[blogosphere.cmsmasters.net/fashion/2017/09/24/all-the-best-street-style-moments/indexcd0b.html]
[blogosphere.cmsmasters.net/fashion/2017/09/24/all-the-best-street-style-moments/index7e12.html]
[blogosphere.cmsmasters.net/fashion/2017/09/24/all-the-best-street-style-moments/index5e93.html]
[blogosphere.cmsmasters.net/fashion/wp-json/wp/v2/posts/87.json]
[blogosphere.cmsmasters.net/fashion/2017/09/24/all-the-best-street-style-moments/indexfae8.html]
[blogosphere.cmsmasters.net/fashion/2017/09/24/all-the-best-street-style-moments/index5c44.html]
[blogosphere.cmsmasters.net/fashion/2017/09/24/all-the-best-street-style-moments/index10c7.html]
[blogosphere.cmsmasters.net/fashion/wp-json/oembed/1.0/embed97c5.json]
[blogosphere.cmsmasters.net/fashion/2017/09/24/all-the-best-street-style-moments/index16a4.html]
[blogosphere.cmsmasters.net/fashion/category/photo/feed/index.html]
[blogosphere.cmsmasters.net/fashion/2017/09/24/top-10-photo-shoot-locations-near-you/feed/index.html]
[blogosphere.cmsmasters.net/fashion/wp-json/oembed/1.0/embed40c7]
[blogosphere.cmsmasters.net/fashion/author/cmsmasters/feed/index.html]
[blogosphere.cmsmasters.net/fashion/2017/09/24/top-10-photo-shoot-locations-near-you/index6944.html]
[blogosphere.cmsmasters.net/fashion/wp-content/uploads/sites/4/2017/09/blog4-8t-150x150.jpg]
[blogosphere.cmsmasters.net/fashion/2017/09/20/what-to-consider-when-designing-a-store-layout/index.html]
[blogosphere.cmsmasters.net/fashion/pj-categs/projects/index.html]
[blogosphere.cmsmasters.net/fashion/author/cmsmasters/page/2/index.html]
[blogosphere.cmsmasters.net/fashion/author/cmsmasters/page/3/index.html]
[blogosphere.cmsmasters.net/fashion/category/fashion-trends/feed/index.html]
[blogosphere.cmsmasters.net/fashion/wp-content/uploads/sites/4/2017/09/blog4-10-1160x750.jpg]
[blogosphere.cmsmasters.net/fashion/page/2/index.html]
[blogosphere.cmsmasters.net/fashion/2017/09/22/2018-fashion-trends-guide-to-spring-styles/feed/index.html]
[blogosphere.cmsmasters.net/fashion/page/4/index.html]
[blogosphere.cmsmasters.net/fashion/category/fashion-store/feed/index.html]
[blogosphere.cmsmasters.net/fashion/2017/09/20/what-to-consider-when-designing-a-store-layout/feed/index.html]
[blogosphere.cmsmasters.net/fashion/wp-json/wp/v2/project/619.json]
[blogosphere.cmsmasters.net/fashion/page/3/index.html]
[blogosphere.cmsmasters.net/fashion/project/mens-fashion/feed/index.html]
[blogosphere.cmsmasters.net/fashion/wp-json/oembed/1.0/embed69ae.json]
[blogosphere.cmsmasters.net/fashion/wp-json/oembed/1.0/embedca28]
[blogosphere.cmsmasters.net/fashion/wp-content/uploads/sites/4/2017/09/project4-7.jpg]
[blogosphere.cmsmasters.net/fashion/wp-content/uploads/sites/4/2017/09/project4-7-1160x648.jpg]
[blogosphere.cmsmasters.net/fashion/wp-content/uploads/sites/4/2017/09/project4-4t-150x150.jpg]
[blogosphere.cmsmasters.net/fashion/wp-content/uploads/sites/4/2017/09/project4t-8.jpg]
[blogosphere.cmsmasters.net/fashion/project/mens-fashion/index.html]
[blogosphere.cmsmasters.net/fashion/project/fashion-look/feed/index.html]
[blogosphere.cmsmasters.net/fashion/wp-json/wp/v2/project/617.json]
[blogosphere.cmsmasters.net/fashion/project/evening-dresses/index.html]
[blogosphere.cmsmasters.net/fashion/wp-json/oembed/1.0/embedc98a.json]
[blogosphere.cmsmasters.net/fashion/wp-json/oembed/1.0/embeda55d]
[blogosphere.cmsmasters.net/fashion/wp-content/uploads/sites/4/2017/09/project4-4.jpg]
[blogosphere.cmsmasters.net/fashion/wp-content/uploads/sites/4/2017/09/project4-4-1160x648.jpg]
[blogosphere.cmsmasters.net/fashion/wp-content/uploads/sites/4/2017/09/project4-5t-150x150.jpg]
[blogosphere.cmsmasters.net/fashion/wp-content/uploads/sites/4/2017/09/project4-7t-150x150.jpg]
[blogosphere.cmsmasters.net/fashion/project/fashion-look/index.html]
[blogosphere.cmsmasters.net/fashion/wp-json/wp/v2/project/913.json]
[blogosphere.cmsmasters.net/fashion/project/fashion-accessories/feed/index.html]
[blogosphere.cmsmasters.net/fashion/wp-json/oembed/1.0/embed699b.json]
[blogosphere.cmsmasters.net/fashion/wp-json/oembed/1.0/embeddcf1]
[blogosphere.cmsmasters.net/fashion/wp-content/uploads/sites/4/2017/09/project4-5.jpg]
[blogosphere.cmsmasters.net/fashion/wp-content/uploads/sites/4/2017/09/project4-5-1160x648.jpg]
[blogosphere.cmsmasters.net/fashion/wp-content/uploads/sites/4/2017/09/project4-2t-150x150.jpg]
[blogosphere.cmsmasters.net/fashion/project/fashion-accessories/index.html]
[blogosphere.cmsmasters.net/fashion/wp-admin/admin-ajax.html]
[blogosphere.cmsmasters.net/fashion/wp-content/plugins/mailpoet/assets/dist/css/mailpoet-public.a09bafc31eb7.css]
[blogosphere.cmsmasters.net/fashion/wp-content/plugins/revslider/public/assets/fonts/revicons/revicons90c6.eot]
[blogosphere.cmsmasters.net/fashion/wp-content/plugins/revslider/public/assets/fonts/revicons/revicons90c6.woff]
[blogosphere.cmsmasters.net/fashion/wp-content/plugins/revslider/public/assets/fonts/revicons/revicons90c6.ttf]
[blogosphere.cmsmasters.net/fashion/wp-content/plugins/revslider/public/assets/assets/gridtile.png]
[blogosphere.cmsmasters.net/fashion/wp-content/plugins/revslider/public/assets/assets/gridtile_white.png]
[blogosphere.cmsmasters.net/fashion/wp-content/plugins/revslider/public/assets/assets/gridtile_3x3.png]
[blogosphere.cmsmasters.net/fashion/wp-content/plugins/revslider/public/assets/assets/gridtile_3x3_white.png]
[blogosphere.cmsmasters.net/fashion/wp-content/plugins/revslider/public/assets/assets/coloredbg.png]
[blogosphere.cmsmasters.net/fashion/wp-content/plugins/revslider/public/assets/assets/loader.gif]
[blogosphere.cmsmasters.net/fashion/wp-content/plugins/revslider/public/assets/css/rs63883.css]
[blogosphere.cmsmasters.net/fashion/wp-content/themes/blogosphere/css/fonts/fontellob975.svg]
[blogosphere.cmsmasters.net/fashion/wp-content/themes/blogosphere/theme-vars/theme-style/css/fonts/fontello-custombe63.svg]
[blogosphere.cmsmasters.net/fashion/wp-content/themes/blogosphere/img/ilightbox/closedhand.html]
[blogosphere.cmsmasters.net/fashion/index5b3a.html]
[blogosphere.cmsmasters.net/fashion/index33bb.html]
[blogosphere.cmsmasters.net/fashion/wp-json/wp/v2/categories/20.json]
[blogosphere.cmsmasters.net/fashion/category/individuality/index.html]
[blogosphere.cmsmasters.net/fashion/category/individuality/feed/index.html]
[blogosphere.cmsmasters.net/fashion/project/casual-look/feed/index.html]
[blogosphere.cmsmasters.net/fashion/wp-json/wp/v2/project/613.json]
[blogosphere.cmsmasters.net/fashion/wp-json/oembed/1.0/embedd70e.json]
[blogosphere.cmsmasters.net/fashion/wp-json/oembed/1.0/embed19d0]
[blogosphere.cmsmasters.net/fashion/wp-content/uploads/sites/4/2017/09/project4-2.jpg]
[blogosphere.cmsmasters.net/fashion/wp-content/uploads/sites/4/2017/09/project4-2-1160x648.jpg]
[blogosphere.cmsmasters.net/fashion/wp-content/uploads/sites/4/2017/09/project4t-8-150x150.jpg]
[blogosphere.cmsmasters.net/fashion/project/casual-look/index.html]
[blogosphere.cmsmasters.net/fashion/wp-json/wp/v2/project/611.json]
[blogosphere.cmsmasters.net/fashion/project/shooting-video/feed/index.html]
[blogosphere.cmsmasters.net/fashion/wp-json/oembed/1.0/embed62ac.json]
[blogosphere.cmsmasters.net/fashion/wp-json/oembed/1.0/embed3679]
[blogosphere.cmsmasters.net/fashion/wp-content/uploads/sites/4/2017/09/project4-6.jpg]
[blogosphere.cmsmasters.net/fashion/wp-content/uploads/sites/4/2017/09/project4-6-1160x648.jpg]
[blogosphere.cmsmasters.net/fashion/wp-content/uploads/sites/4/2017/09/project4-1t-150x150.jpg]
[blogosphere.cmsmasters.net/fashion/project/shooting-video/index.html]
[blogosphere.cmsmasters.net/fashion/project/subject-photography/feed/index.html]
[blogosphere.cmsmasters.net/fashion/wp-json/wp/v2/project/9410.json]
[blogosphere.cmsmasters.net/fashion/project/womens-outerwear/index.html]
[blogosphere.cmsmasters.net/fashion/wp-json/oembed/1.0/embed8689.json]
[blogosphere.cmsmasters.net/fashion/wp-json/oembed/1.0/embed5a3b]
[blogosphere.cmsmasters.net/fashion/project/subject-photography/index.html]
[blogosphere.cmsmasters.net/fashion/index98f6.html]
[blogosphere.cmsmasters.net/fashion/wp-json/wp/v2/categories/49.json]
[blogosphere.cmsmasters.net/fashion/category/photography-shoot/feed/index.html]
[blogosphere.cmsmasters.net/fashion/wp-content/uploads/sites/4/2017/09/blog4-1t-350x350.jpg]
[blogosphere.cmsmasters.net/fashion/category/photography-shoot/index.html]
[blogosphere.cmsmasters.net/fashion/2017/09/08/mens-style-guide-tips-fashion-advice/feed/index.html]
[blogosphere.cmsmasters.net/fashion/wp-json/wp/v2/posts/106.json]
[blogosphere.cmsmasters.net/fashion/wp-json/oembed/1.0/embed5041.json]
[blogosphere.cmsmasters.net/fashion/wp-json/oembed/1.0/embed8f3e]
[blogosphere.cmsmasters.net/fashion/wp-content/uploads/sites/4/2017/09/blog4-1t-150x150.jpg]
[blogosphere.cmsmasters.net/fashion/2017/09/08/mens-style-guide-tips-fashion-advice/index.html]
[blogosphere.cmsmasters.net/fashion/2017/09/13/spring-2018-trend-knot-everything-you-can/feed/index.html]
[blogosphere.cmsmasters.net/fashion/wp-json/wp/v2/posts/13099.json]
[blogosphere.cmsmasters.net/fashion/wp-json/oembed/1.0/embed4980.json]
[blogosphere.cmsmasters.net/fashion/wp-json/oembed/1.0/embed17e5]
[blogosphere.cmsmasters.net/fashion/wp-content/uploads/sites/4/2017/09/blog4-9t-150x150.jpg]
[blogosphere.cmsmasters.net/fashion/2017/09/13/spring-2018-trend-knot-everything-you-can/index.html]
[blogosphere.cmsmasters.net/fashion/2017/09/10/7-lessons-learned-on-fashion-photography-shoot/index6b62.html]
[blogosphere.cmsmasters.net/fashion/2017/09/10/7-lessons-learned-on-fashion-photography-shoot/indexc299.html]
[blogosphere.cmsmasters.net/fashion/2017/09/10/7-lessons-learned-on-fashion-photography-shoot/index9909.html]
[blogosphere.cmsmasters.net/fashion/2017/09/10/7-lessons-learned-on-fashion-photography-shoot/indexb4e8.html]
[blogosphere.cmsmasters.net/fashion/index2752.html]
[blogosphere.cmsmasters.net/fashion/wp-json/wp/v2/categories/17.json]
[blogosphere.cmsmasters.net/fashion/category/fashion/feed/index.html]
[blogosphere.cmsmasters.net/fashion/wp-content/uploads/sites/4/2017/09/blog4-12t-350x350.jpg]
[blogosphere.cmsmasters.net/fashion/category/fashion/index.html]
[blogosphere.cmsmasters.net/fashion/2017/09/06/fashion-and-beauty-tips-every-woman/index3094.html]
[blogosphere.cmsmasters.net/fashion/2017/09/06/fashion-and-beauty-tips-every-woman/index148c.html]
[blogosphere.cmsmasters.net/fashion/2017/09/06/fashion-and-beauty-tips-every-woman/index0987.html]
[blogosphere.cmsmasters.net/fashion/2017/09/06/fashion-and-beauty-tips-every-woman/index63d8.html]
[blogosphere.cmsmasters.net/fashion/2017/09/06/fashion-and-beauty-tips-every-woman/index19c4.html]
[blogosphere.cmsmasters.net/fashion/index8d71.html]
[blogosphere.cmsmasters.net/fashion/indexa571.html]
[blogosphere.cmsmasters.net/fashion/wp-includes/js/mediaelement/mediaelementplayer-legacy.min08e1.css]
[blogosphere.cmsmasters.net/fashion/wp-includes/js/mediaelement/wp-mediaelement.min1eb7.css]
[blogosphere.cmsmasters.net/fashion/index8381.html]
[blogosphere.cmsmasters.net/fashion/category/beauty/feed/index.html]
[blogosphere.cmsmasters.net/fashion/wp-json/wp/v2/categories/47.json]
[blogosphere.cmsmasters.net/fashion/wp-content/uploads/sites/4/2017/09/blog4-8t-350x350.jpg]
[blogosphere.cmsmasters.net/fashion/category/beauty/index.html]
[blogosphere.cmsmasters.net/fashion/wp-json/wp/v2/posts/13101.json]
[blogosphere.cmsmasters.net/fashion/2017/09/18/12-beauty-tips-from-backstage-fashion-show/feed/index.html]
[blogosphere.cmsmasters.net/fashion/wp-json/oembed/1.0/embedf2a1.json]
[blogosphere.cmsmasters.net/fashion/wp-json/oembed/1.0/embedaf57]
[blogosphere.cmsmasters.net/fashion/2017/09/18/12-beauty-tips-from-backstage-fashion-show/index.html]
[blogosphere.cmsmasters.net/fashion/wp-json/wp/v2/categories/48.json]
[blogosphere.cmsmasters.net/fashion/category/mens-fashion/feed/index.html]
[blogosphere.cmsmasters.net/fashion/wp-content/uploads/sites/4/2017/09/blog4-9t-350x350.jpg]
[blogosphere.cmsmasters.net/fashion/wp-content/uploads/sites/4/2017/09/blog4-11t-350x350.jpg]
[blogosphere.cmsmasters.net/fashion/category/mens-fashion/index.html]
[blogosphere.cmsmasters.net/fashion/2017/09/15/mens-fashion-tips-and-style-guide-for-2018/feed/index.html]
[blogosphere.cmsmasters.net/fashion/wp-json/wp/v2/posts/13097.json]
[blogosphere.cmsmasters.net/fashion/wp-json/oembed/1.0/embed8808.json]
[blogosphere.cmsmasters.net/fashion/wp-json/oembed/1.0/embedb0e1]
[blogosphere.cmsmasters.net/fashion/2017/09/15/mens-fashion-tips-and-style-guide-for-2018/index.html]
[blogosphere.cmsmasters.net/fashion/index8eb0.html]
[blogosphere.cmsmasters.net/fashion/masonry-blog/page/2/index.html]
[blogosphere.cmsmasters.net/fashion/indexf45d.html]
[blogosphere.cmsmasters.net/fashion/indexea72.html]
[blogosphere.cmsmasters.net/fashion/index41bd.html]
[blogosphere.cmsmasters.net/fashion/index49a5.html]
[blogosphere.cmsmasters.net/fashion/grid-blog/page/2/index.html]
[blogosphere.cmsmasters.net/fashion/product-category/shop/feed/index.html]
[blogosphere.cmsmasters.net/fashion/wp-json/wp/v2/product_cat/35.json]
[blogosphere.cmsmasters.net/fashion/product-category/shop/index.html]
[blogosphere.cmsmasters.net/fashion/product-category/shop/indexc6bb.html]
[blogosphere.cmsmasters.net/fashion/product-category/shop/indexc727.html]
[blogosphere.cmsmasters.net/fashion/product-category/shop/indexf147.html]
[blogosphere.cmsmasters.net/fashion/product-category/shop/index2b5c.html]
[blogosphere.cmsmasters.net/fashion/wp-json/wp/v2/product_cat/36.json]
[blogosphere.cmsmasters.net/fashion/product-category/technique/index.html]
[blogosphere.cmsmasters.net/fashion/product-category/shop/index804b.html]
[blogosphere.cmsmasters.net/fashion/product-category/technique/feed/index.html]
[blogosphere.cmsmasters.net/fashion/product-category/technique/indexc6bb.html]
[blogosphere.cmsmasters.net/fashion/product/camera/feed/index.html]
[blogosphere.cmsmasters.net/fashion/wp-json/wp/v2/product/1665.json]
[blogosphere.cmsmasters.net/fashion/wp-json/oembed/1.0/embed37fb.json]
[blogosphere.cmsmasters.net/fashion/wp-json/oembed/1.0/embed915f]
[blogosphere.cmsmasters.net/fashion/wp-content/uploads/sites/4/2015/05/shop-4-2.jpg]
[blogosphere.cmsmasters.net/fashion/wp-content/uploads/sites/4/2015/05/shop-4-2-150x150.jpg]
[blogosphere.cmsmasters.net/fashion/wp-content/plugins/woocommerce/assets/js/frontend/single-product.min823d.js]
[blogosphere.cmsmasters.net/fashion/product/camera/index.html]
[blogosphere.cmsmasters.net/fashion/wp-content/plugins/woocommerce/packages/woocommerce-blocks/build/cart-frontend0461.js]
[blogosphere.cmsmasters.net/fashion/product/camera/index804b.html]
[blogosphere.cmsmasters.net/fashion/product/camera/indexc727.html]
[blogosphere.cmsmasters.net/fashion/wp-includes/js/dist/vendor/lodash.minf492.js]
[blogosphere.cmsmasters.net/fashion/wp-includes/js/dist/vendor/react.minbc7c.js]
[blogosphere.cmsmasters.net/fashion/wp-includes/js/dist/vendor/wp-polyfill.min2c7c.js]
[blogosphere.cmsmasters.net/fashion/wp-includes/js/dist/vendor/regenerator-runtime.min3937.js]
[blogosphere.cmsmasters.net/fashion/wp-content/plugins/woocommerce/packages/woocommerce-blocks/build/blocks-checkout2588.js]
[blogosphere.cmsmasters.net/fashion/wp-content/plugins/woocommerce/packages/woocommerce-blocks/build/wc-blocks-registrya902.js]
[blogosphere.cmsmasters.net/fashion/wp-includes/js/dist/deprecated.min7e39.js]
[blogosphere.cmsmasters.net/fashion/wp-includes/js/dist/hooks.mincbb5.js]
[blogosphere.cmsmasters.net/fashion/wp-includes/js/dist/element.min6838.js]
[blogosphere.cmsmasters.net/fashion/wp-includes/js/dist/vendor/react-dom.minbc7c.js]
[blogosphere.cmsmasters.net/fashion/wp-includes/js/dist/escape-html.min7a51.js]
[blogosphere.cmsmasters.net/fashion/wp-content/plugins/woocommerce/packages/woocommerce-blocks/build/wc-settingse972.js]
[blogosphere.cmsmasters.net/fashion/wp-includes/js/dist/i18n.min771a.js]
[blogosphere.cmsmasters.net/fashion/wp-includes/js/dist/api-fetch.minc92a.js]
[blogosphere.cmsmasters.net/fashion/wp-includes/js/dist/url.min086b.js]
[blogosphere.cmsmasters.net/fashion/wp-includes/js/dist/compose.min0fbb.js]
[blogosphere.cmsmasters.net/fashion/wp-includes/js/dist/dom.min5bbc.js]
[blogosphere.cmsmasters.net/fashion/wp-includes/js/dist/is-shallow-equal.min2076.js]
[blogosphere.cmsmasters.net/fashion/wp-includes/js/dist/keycodes.min0597.js]
[blogosphere.cmsmasters.net/fashion/wp-includes/js/dist/priority-queue.min5ca8.js]
[blogosphere.cmsmasters.net/fashion/wp-includes/js/dist/data.mine262.js]
[blogosphere.cmsmasters.net/fashion/wp-includes/js/dist/redux-routine.min45f9.js]
[blogosphere.cmsmasters.net/fashion/wp-includes/js/dist/primitives.min85e8.js]
[blogosphere.cmsmasters.net/fashion/wp-includes/js/dist/warning.mincfa1.js]
[blogosphere.cmsmasters.net/fashion/wp-content/plugins/woocommerce/packages/woocommerce-blocks/build/wc-blocks-data740f.js]
[blogosphere.cmsmasters.net/fashion/wp-includes/js/dist/data-controls.min58fd.js]
[blogosphere.cmsmasters.net/fashion/wp-includes/js/dist/html-entities.min349a.js]
[blogosphere.cmsmasters.net/fashion/wp-includes/js/dist/notices.mina7df.js]
[blogosphere.cmsmasters.net/fashion/wp-content/plugins/woocommerce/packages/woocommerce-blocks/build/wc-blocks-middleware72cc.js]
[blogosphere.cmsmasters.net/fashion/wp-content/plugins/woocommerce/packages/woocommerce-blocks/build/wc-blocks-shared-hocs751f.js]
[blogosphere.cmsmasters.net/fashion/wp-content/plugins/woocommerce/packages/woocommerce-blocks/build/wc-blocks-shared-contextbce4.js]
[blogosphere.cmsmasters.net/fashion/wp-content/plugins/woocommerce/packages/woocommerce-blocks/build/price-format4a75.js]
[blogosphere.cmsmasters.net/fashion/wp-includes/js/dist/a11y.min416f.js]
[blogosphere.cmsmasters.net/fashion/wp-includes/js/dist/dom-ready.min9aec.js]
[blogosphere.cmsmasters.net/fashion/wp-includes/js/dist/autop.min5b69.js]
[blogosphere.cmsmasters.net/fashion/wp-includes/js/dist/plugins.mind72e.js]
[blogosphere.cmsmasters.net/fashion/wp-includes/js/dist/wordcount.mina679.js]
[blogosphere.cmsmasters.net/fashion/shop/indexc6bb.html]
[blogosphere.cmsmasters.net/fashion/wp-content/plugins/woocommerce/packages/woocommerce-blocks/build/checkout-frontendfdc9.js]
[blogosphere.cmsmasters.net/fashion/wp-content/plugins/woocommerce/assets/css/select2823d.css]
[blogosphere.cmsmasters.net/fashion/wp-includes/js/zxcvbn-async.min5152.js]
[blogosphere.cmsmasters.net/fashion/cart/feed/index.html]
[blogosphere.cmsmasters.net/fashion/wp-json/wp/v2/pages/3840.json]
[blogosphere.cmsmasters.net/fashion/wp-json/oembed/1.0/embedb914.json]
[blogosphere.cmsmasters.net/fashion/wp-json/oembed/1.0/embed7d30]
[blogosphere.cmsmasters.net/fashion/wp-content/plugins/woocommerce/assets/js/frontend/country-select.min823d.js]
[blogosphere.cmsmasters.net/fashion/wp-content/plugins/woocommerce/assets/js/frontend/address-i18n.min823d.js]
[blogosphere.cmsmasters.net/fashion/wp-content/plugins/woocommerce/assets/js/frontend/cart.min823d.js]
[blogosphere.cmsmasters.net/fashion/wp-content/plugins/woocommerce/assets/js/selectWoo/selectWoo.full.minf988.js]
[blogosphere.cmsmasters.net/fashion/wp-admin/js/password-strength-meter.min1eb7.js]
[blogosphere.cmsmasters.net/fashion/wp-content/plugins/woocommerce/assets/js/frontend/password-strength-meter.min823d.js]
[blogosphere.cmsmasters.net/fashion/cart/index.html]
[blogosphere.cmsmasters.net/fashion/wp-json/wp/v2/product_cat/33.json]
[blogosphere.cmsmasters.net/fashion/product-category/flowers/index.html]
[blogosphere.cmsmasters.net/fashion/product-category/flowers/feed/index.html]
[blogosphere.cmsmasters.net/fashion/product-category/interior/feed/index.html]
[blogosphere.cmsmasters.net/fashion/wp-json/wp/v2/product_cat/34.json]
[blogosphere.cmsmasters.net/fashion/product-category/interior/index.html]
[blogosphere.cmsmasters.net/fashion/product-category/flowers/indexc727.html]
[blogosphere.cmsmasters.net/fashion/product-category/interior/index2b5c.html]
[blogosphere.cmsmasters.net/fashion/product-category/interior/indexc727.html]
[blogosphere.cmsmasters.net/fashion/product/indoor-flower/feed/index.html]
[blogosphere.cmsmasters.net/fashion/wp-json/wp/v2/product/1667.json]
[blogosphere.cmsmasters.net/fashion/wp-json/oembed/1.0/embedd213.json]
[blogosphere.cmsmasters.net/fashion/wp-json/oembed/1.0/embede893]
[blogosphere.cmsmasters.net/fashion/wp-content/uploads/sites/4/2015/05/shop-2-2.jpg]
[blogosphere.cmsmasters.net/fashion/wp-content/uploads/sites/4/2015/05/shop-2-2-150x150.jpg]
[blogosphere.cmsmasters.net/fashion/product/indoor-flower/index.html]
[blogosphere.cmsmasters.net/fashion/shop/indexc727.html]
[blogosphere.cmsmasters.net/fashion/wp-json/wp/v2/product_cat/32.json]
[blogosphere.cmsmasters.net/fashion/product/indoor-flower/indexf147.html]
[blogosphere.cmsmasters.net/fashion/product/indoor-flower/indexc6bb.html]
[blogosphere.cmsmasters.net/fashion/product-category/accessories/index.html]
[blogosphere.cmsmasters.net/fashion/product-category/accessories/feed/index.html]
[blogosphere.cmsmasters.net/fashion/product-category/accessories/indexf147.html]
[blogosphere.cmsmasters.net/fashion/product-category/accessories/index804b.html]
[blogosphere.cmsmasters.net/fashion/wp-json/wp/v2/product/1666.json]
[blogosphere.cmsmasters.net/fashion/product/modern-glasses/feed/index.html]
[blogosphere.cmsmasters.net/fashion/wp-json/oembed/1.0/embed13a6.json]
[blogosphere.cmsmasters.net/fashion/wp-json/oembed/1.0/embed9914]
[blogosphere.cmsmasters.net/fashion/wp-content/uploads/sites/4/2015/05/shop-3-2.jpg]
[blogosphere.cmsmasters.net/fashion/wp-content/uploads/sites/4/2015/05/shop-3-2-150x150.jpg]
[blogosphere.cmsmasters.net/fashion/product/modern-glasses/index.html]
[blogosphere.cmsmasters.net/fashion/shop/indexf147.html]
[blogosphere.cmsmasters.net/fashion/wp-json/wp/v2/product/1668.json]
[blogosphere.cmsmasters.net/fashion/product/modern-glasses/indexc727.html]
[blogosphere.cmsmasters.net/fashion/product/modern-glasses/indexc6bb.html]
[blogosphere.cmsmasters.net/fashion/product/modern-glasses/index804b.html]
[blogosphere.cmsmasters.net/fashion/product/spherical-vase/feed/index.html]
[blogosphere.cmsmasters.net/fashion/wp-json/oembed/1.0/embed7582.json]
[blogosphere.cmsmasters.net/fashion/wp-json/oembed/1.0/embedcc4b]
[blogosphere.cmsmasters.net/fashion/wp-content/uploads/sites/4/2015/05/shop-1-2.jpg]
[blogosphere.cmsmasters.net/fashion/wp-content/uploads/sites/4/2015/05/shop-1-2-150x150.jpg]
[blogosphere.cmsmasters.net/fashion/product/spherical-vase/index.html]
[blogosphere.cmsmasters.net/fashion/shop/index2b5c.html]
[blogosphere.cmsmasters.net/fashion/product/spherical-vase/indexf147.html]
[blogosphere.cmsmasters.net/fashion/product/spherical-vase/indexc6bb.html]
[blogosphere.cmsmasters.net/fashion/product/spherical-vase/index804b.html]
[blogosphere.cmsmasters.net/fashion/wp-json/wp/v2/product/1664.json]
[blogosphere.cmsmasters.net/fashion/product/style-set/feed/index.html]
[blogosphere.cmsmasters.net/fashion/wp-json/oembed/1.0/embed9575.json]
[blogosphere.cmsmasters.net/fashion/wp-json/oembed/1.0/embed301b]
[blogosphere.cmsmasters.net/fashion/wp-content/uploads/sites/4/2015/05/shop-5-2.jpg]
[blogosphere.cmsmasters.net/fashion/wp-content/uploads/sites/4/2015/05/shop-5-2-150x150.jpg]
[blogosphere.cmsmasters.net/fashion/product/style-set/index.html]
[blogosphere.cmsmasters.net/fashion/shop/index804b.html]
[blogosphere.cmsmasters.net/fashion/wp-json/wp/v2/product/1663.json]
[blogosphere.cmsmasters.net/fashion/product/style-set/indexc727.html]
[blogosphere.cmsmasters.net/fashion/product/style-set/index2b5c.html]
[blogosphere.cmsmasters.net/fashion/product/watch/feed/index.html]
[blogosphere.cmsmasters.net/fashion/wp-json/oembed/1.0/embed42a4.json]
[blogosphere.cmsmasters.net/fashion/wp-json/oembed/1.0/embed9aeb]
[blogosphere.cmsmasters.net/fashion/product/watch/index.html]
[blogosphere.cmsmasters.net/fashion/indexd127.html]
[blogosphere.cmsmasters.net/fashion/index0dd3.html]
[blogosphere.cmsmasters.net/fashion/indexd0b8.html]
[blogosphere.cmsmasters.net/fashion/2017/09/28/fashion-hats-shopping-styling-tips/indexaecb.html]
[blogosphere.cmsmasters.net/fashion/2017/09/28/fashion-hats-shopping-styling-tips/index0c0b.html]
[blogosphere.cmsmasters.net/fashion/2017/09/28/fashion-hats-shopping-styling-tips/indexb5e4.html]
[blogosphere.cmsmasters.net/fashion/2017/09/28/fashion-hats-shopping-styling-tips/indexdcd9.html]
[blogosphere.cmsmasters.net/fashion/2017/09/28/fashion-hats-shopping-styling-tips/index055f.html]
[blogosphere.cmsmasters.net/fashion/indexe6f0.html]
[blogosphere.cmsmasters.net/fashion/indexbf00.html]
[blogosphere.cmsmasters.net/fashion/2017/09/24/all-the-best-street-style-moments/indexa0fd.html]
[blogosphere.cmsmasters.net/fashion/2017/09/24/all-the-best-street-style-moments/indexeae2.html]
[blogosphere.cmsmasters.net/fashion/2017/09/24/all-the-best-street-style-moments/indexa406.html]
[blogosphere.cmsmasters.net/fashion/2017/09/24/all-the-best-street-style-moments/index1ee2.html]
[blogosphere.cmsmasters.net/fashion/2017/09/24/all-the-best-street-style-moments/index54f0.html]
[blogosphere.cmsmasters.net/fashion/2017/09/24/all-the-best-street-style-moments/index7ddb.html]
[blogosphere.cmsmasters.net/fashion/2017/09/24/all-the-best-street-style-moments/index9712.html]
[blogosphere.cmsmasters.net/fashion/2017/09/24/all-the-best-street-style-moments/index7824.html]
[blogosphere.cmsmasters.net/fashion/2017/09/24/all-the-best-street-style-moments/indexda97.html]
[blogosphere.cmsmasters.net/fashion/2017/09/24/all-the-best-street-style-moments/indexd6d3.html]
[blogosphere.cmsmasters.net/fashion/product/watch/index804b.html]
[blogosphere.cmsmasters.net/fashion/product/watch/indexf147.html]
[blogosphere.cmsmasters.net/fashion/product/watch/indexc6bb.html]
[blogosphere.cmsmasters.net/fashion/2017/09/24/all-the-best-street-style-moments/index2fd7.html]
[blogosphere.cmsmasters.net/fashion/2017/09/24/all-the-best-street-style-moments/index6f2c.html]
[blogosphere.cmsmasters.net/fashion/2017/09/24/all-the-best-street-style-moments/indexe9da.html]
[blogosphere.cmsmasters.net/fashion/2017/09/24/all-the-best-street-style-moments/indexc7f3.html]
[blogosphere.cmsmasters.net/fashion/2017/09/24/all-the-best-street-style-moments/index74bc.html]
[blogosphere.cmsmasters.net/fashion/2017/09/24/all-the-best-street-style-moments/index3c33.html]
[blogosphere.cmsmasters.net/fashion/2017/09/24/all-the-best-street-style-moments/indexd4c9.html]
[blogosphere.cmsmasters.net/fashion/2017/09/24/all-the-best-street-style-moments/indexcfb3.html]
[blogosphere.cmsmasters.net/fashion/2017/09/24/all-the-best-street-style-moments/index6a15.html]
[blogosphere.cmsmasters.net/fashion/2017/09/24/all-the-best-street-style-moments/index5535.html]
[blogosphere.cmsmasters.net/fashion/2017/09/24/all-the-best-street-style-moments/index2f8f.html]
[blogosphere.cmsmasters.net/fashion/2017/09/24/all-the-best-street-style-moments/index42ea.html]
[blogosphere.cmsmasters.net/fashion/2017/09/24/all-the-best-street-style-moments/indexb790.html]
[blogosphere.cmsmasters.net/fashion/2017/09/24/all-the-best-street-style-moments/index094a.html]
[blogosphere.cmsmasters.net/fashion/2017/09/24/all-the-best-street-style-moments/indexc76a.html]
[blogosphere.cmsmasters.net/fashion/2017/09/24/all-the-best-street-style-moments/indexd77f.html]
[blogosphere.cmsmasters.net/fashion/2017/09/24/all-the-best-street-style-moments/index1bb7.html]
[blogosphere.cmsmasters.net/fashion/2017/09/24/all-the-best-street-style-moments/index4110.html]
[blogosphere.cmsmasters.net/fashion/2017/09/24/all-the-best-street-style-moments/index6e16.html]
[blogosphere.cmsmasters.net/fashion/2017/09/24/all-the-best-street-style-moments/index02e3.html]
[blogosphere.cmsmasters.net/fashion/2017/09/24/all-the-best-street-style-moments/indexbfe1.html]
[blogosphere.cmsmasters.net/fashion/2017/09/24/all-the-best-street-style-moments/indexcd53.html]
[blogosphere.cmsmasters.net/fashion/2017/09/24/all-the-best-street-style-moments/index6950.html]
[blogosphere.cmsmasters.net/fashion/2017/09/24/all-the-best-street-style-moments/index75f6.html]
[blogosphere.cmsmasters.net/fashion/2017/09/24/all-the-best-street-style-moments/index2477.html]
[blogosphere.cmsmasters.net/fashion/2017/09/24/all-the-best-street-style-moments/index5c7b.html]
[blogosphere.cmsmasters.net/fashion/2017/09/24/all-the-best-street-style-moments/index5832.html]
[blogosphere.cmsmasters.net/fashion/2017/09/24/all-the-best-street-style-moments/index38f1.html]
[blogosphere.cmsmasters.net/fashion/2017/09/24/all-the-best-street-style-moments/index3e86.html]
[blogosphere.cmsmasters.net/fashion/2017/09/24/all-the-best-street-style-moments/index0695.html]
[blogosphere.cmsmasters.net/fashion/2017/09/24/all-the-best-street-style-moments/indexc62c.html]
[blogosphere.cmsmasters.net/fashion/2017/09/24/all-the-best-street-style-moments/index547b.html]
[blogosphere.cmsmasters.net/fashion/2017/09/24/all-the-best-street-style-moments/index216e.html]
[blogosphere.cmsmasters.net/fashion/2017/09/24/all-the-best-street-style-moments/index9731.html]
[blogosphere.cmsmasters.net/fashion/2017/09/24/all-the-best-street-style-moments/index4153.html]
[blogosphere.cmsmasters.net/fashion/2017/09/24/all-the-best-street-style-moments/index3753.html]
[blogosphere.cmsmasters.net/fashion/2017/09/24/all-the-best-street-style-moments/index8aab.html]
[blogosphere.cmsmasters.net/fashion/2017/09/24/all-the-best-street-style-moments/index19a3.html]
[blogosphere.cmsmasters.net/fashion/2017/09/24/all-the-best-street-style-moments/indexa343.html]
[blogosphere.cmsmasters.net/fashion/2017/09/24/all-the-best-street-style-moments/indexbba9.html]
[blogosphere.cmsmasters.net/fashion/2017/09/24/all-the-best-street-style-moments/indexd030.html]
[blogosphere.cmsmasters.net/fashion/2017/09/24/all-the-best-street-style-moments/index20b5.html]
[blogosphere.cmsmasters.net/fashion/2017/09/24/all-the-best-street-style-moments/index1c6b.html]
[blogosphere.cmsmasters.net/fashion/2017/09/24/all-the-best-street-style-moments/index02d2.html]
[blogosphere.cmsmasters.net/fashion/2017/09/24/all-the-best-street-style-moments/indexc833.html]
[blogosphere.cmsmasters.net/fashion/2017/09/24/all-the-best-street-style-moments/indexa3aa.html]
[blogosphere.cmsmasters.net/fashion/2017/09/24/all-the-best-street-style-moments/index1545.html]
[blogosphere.cmsmasters.net/fashion/2017/09/24/all-the-best-street-style-moments/indexfa01.html]
[blogosphere.cmsmasters.net/fashion/2017/09/24/all-the-best-street-style-moments/index3ade.html]
[blogosphere.cmsmasters.net/fashion/2017/09/24/all-the-best-street-style-moments/indexcd0b.html]
[blogosphere.cmsmasters.net/fashion/2017/09/24/all-the-best-street-style-moments/index7e12.html]
[blogosphere.cmsmasters.net/fashion/2017/09/24/all-the-best-street-style-moments/index5e93.html]
[blogosphere.cmsmasters.net/fashion/2017/09/24/all-the-best-street-style-moments/indexfae8.html]
[blogosphere.cmsmasters.net/fashion/2017/09/24/all-the-best-street-style-moments/index5c44.html]
[blogosphere.cmsmasters.net/fashion/2017/09/24/all-the-best-street-style-moments/index10c7.html]
[blogosphere.cmsmasters.net/fashion/2017/09/24/all-the-best-street-style-moments/index16a4.html]
[blogosphere.cmsmasters.net/fashion/indexc295.html]
[blogosphere.cmsmasters.net/fashion/2017/09/24/top-10-photo-shoot-locations-near-you/index6944.html]
[blogosphere.cmsmasters.net/fashion/pj-categs/projects/feed/index.html]
[blogosphere.cmsmasters.net/fashion/wp-json/wp/v2/pj-categs/30.json]
[blogosphere.cmsmasters.net/fashion/wp-content/uploads/sites/4/2017/09/project4t-8-350x350.jpg]
[blogosphere.cmsmasters.net/fashion/wp-content/uploads/sites/4/2017/09/project4-6t-350x350.jpg]
[blogosphere.cmsmasters.net/fashion/wp-content/uploads/sites/4/2017/09/project4-1t-350x350.jpg]
[blogosphere.cmsmasters.net/fashion/wp-content/uploads/sites/4/2017/09/project4-3t-350x350.jpg]
[blogosphere.cmsmasters.net/fashion/pj-categs/projects/index.html]
[blogosphere.cmsmasters.net/fashion/author/cmsmasters/page/2/index.html]
[blogosphere.cmsmasters.net/fashion/author/cmsmasters/page/3/index.html]
[blogosphere.cmsmasters.net/fashion/index0e6a.html]
[blogosphere.cmsmasters.net/fashion/index5d38.html]
[blogosphere.cmsmasters.net/fashion/2/index.html]
[blogosphere.cmsmasters.net/fashion/page/1/index.html]
[blogosphere.cmsmasters.net/fashion/wp-content/uploads/sites/4/2017/09/blog4-1-1160x750.jpg]
[blogosphere.cmsmasters.net/fashion/wp-content/uploads/sites/4/2017/09/blog4-11-1160x1547.jpg]
[blogosphere.cmsmasters.net/fashion/wp-content/uploads/sites/4/2017/09/blog4-12-860x546.jpg]
[blogosphere.cmsmasters.net/fashion/wp-content/uploads/sites/4/2017/09/blog4-5-860x546.jpg]
[blogosphere.cmsmasters.net/fashion/page/3/index.html]
[blogosphere.cmsmasters.net/fashion/4/index.html]
[blogosphere.cmsmasters.net/fashion/index7867.html]
[blogosphere.cmsmasters.net/fashion/wp-json/wp/v2/project/8414.json]
[blogosphere.cmsmasters.net/fashion/project/evening-dresses/feed/index.html]
[blogosphere.cmsmasters.net/fashion/wp-json/oembed/1.0/embedff9e.json]
[blogosphere.cmsmasters.net/fashion/wp-json/oembed/1.0/embed0082]
[blogosphere.cmsmasters.net/fashion/wp-content/uploads/sites/4/2017/09/project4-8.jpg]
[blogosphere.cmsmasters.net/fashion/wp-content/uploads/sites/4/2017/09/project4-8-1160x648.jpg]
[blogosphere.cmsmasters.net/fashion/wp-content/uploads/sites/4/2017/09/project4-6t-150x150.jpg]
[blogosphere.cmsmasters.net/fashion/project/evening-dresses/index.html]
[blogosphere.cmsmasters.net/fashion/index5c49.html]
[blogosphere.cmsmasters.net/fashion/index15f1.html]
[blogosphere.cmsmasters.net/fashion/wp-content/plugins/revslider/public/assets/fonts/revicons/revicons90c6.svg]
[blogosphere.cmsmasters.net/fashion/wp-content/plugins/revslider/public/assets/css/openhand.html]
[blogosphere.cmsmasters.net/fashion/wp-content/plugins/revslider/public/assets/css/closedhand.html]
[blogosphere.cmsmasters.net/fashion/index44fb.html]
[blogosphere.cmsmasters.net/fashion/indexb702.html]
[blogosphere.cmsmasters.net/fashion/wp-json/wp/v2/project/606.json]
[blogosphere.cmsmasters.net/fashion/project/womens-outerwear/feed/index.html]
[blogosphere.cmsmasters.net/fashion/wp-json/oembed/1.0/embed494d.json]
[blogosphere.cmsmasters.net/fashion/wp-json/oembed/1.0/embed77b9]
[blogosphere.cmsmasters.net/fashion/wp-content/uploads/sites/4/2017/09/project4-1.jpg]
[blogosphere.cmsmasters.net/fashion/wp-content/uploads/sites/4/2017/09/project4-1-1160x648.jpg]
[blogosphere.cmsmasters.net/fashion/wp-content/uploads/sites/4/2017/09/project4-3t-150x150.jpg]
[blogosphere.cmsmasters.net/fashion/project/womens-outerwear/index.html]
[blogosphere.cmsmasters.net/fashion/index0c13.html]
[blogosphere.cmsmasters.net/fashion/index153d.html]
[blogosphere.cmsmasters.net/fashion/index92c7.html]
[blogosphere.cmsmasters.net/fashion/wp-includes/js/mediaelement/mejs-controls.svg]
[blogosphere.cmsmasters.net/fashion/index7eb2.html]
[blogosphere.cmsmasters.net/fashion/index90e3.html]
[blogosphere.cmsmasters.net/fashion/masonry-blog/page/1/index.html]
[blogosphere.cmsmasters.net/fashion/grid-blog/page/1/index.html]
[blogosphere.cmsmasters.net/fashion/product-category/shop/indexc6bb.html]
[blogosphere.cmsmasters.net/fashion/product-category/shop/indexc727.html]
[blogosphere.cmsmasters.net/fashion/product-category/shop/indexf147.html]
[blogosphere.cmsmasters.net/fashion/product-category/shop/index2b5c.html]
[blogosphere.cmsmasters.net/fashion/product-category/shop/index804b.html]
[blogosphere.cmsmasters.net/fashion/product-category/technique/indexc6bb.html]
[blogosphere.cmsmasters.net/fashion/index3e90.html]
[blogosphere.cmsmasters.net/fashion/product/camera/indexc727.html]
[blogosphere.cmsmasters.net/fashion/product/camera/index804b.html]
[blogosphere.cmsmasters.net/fashion/wp-content/plugins/woocommerce/assets/css/select2823d.css]
[blogosphere.cmsmasters.net/fashion/indexd3da.html]
[blogosphere.cmsmasters.net/fashion/product-category/flowers/indexc727.html]
[blogosphere.cmsmasters.net/fashion/product-category/interior/indexc727.html]
[blogosphere.cmsmasters.net/fashion/product-category/interior/index2b5c.html]
[blogosphere.cmsmasters.net/fashion/index1f00.html]
[blogosphere.cmsmasters.net/fashion/product/indoor-flower/indexc6bb.html]
[blogosphere.cmsmasters.net/fashion/product/indoor-flower/indexf147.html]
[blogosphere.cmsmasters.net/fashion/product-category/accessories/indexf147.html]
[blogosphere.cmsmasters.net/fashion/product-category/accessories/index804b.html]
[blogosphere.cmsmasters.net/fashion/indexf688.html]
[blogosphere.cmsmasters.net/fashion/product/modern-glasses/index804b.html]
[blogosphere.cmsmasters.net/fashion/product/modern-glasses/indexc727.html]
[blogosphere.cmsmasters.net/fashion/product/camera/index2b5c.html]
[blogosphere.cmsmasters.net/fashion/product/indoor-flower/index2b5c.html]
[blogosphere.cmsmasters.net/fashion/product/camera/indexf147.html]
[blogosphere.cmsmasters.net/fashion/product/modern-glasses/indexc6bb.html]
[blogosphere.cmsmasters.net/fashion/indexcd53.html]
[blogosphere.cmsmasters.net/fashion/product/spherical-vase/indexc6bb.html]
[blogosphere.cmsmasters.net/fashion/product/spherical-vase/index804b.html]
[blogosphere.cmsmasters.net/fashion/product/spherical-vase/indexf147.html]
[blogosphere.cmsmasters.net/fashion/indexfbb7.html]
[blogosphere.cmsmasters.net/fashion/product/style-set/index2b5c.html]
[blogosphere.cmsmasters.net/fashion/product/style-set/indexc727.html]
[blogosphere.cmsmasters.net/fashion/index7b62.html]
[blogosphere.cmsmasters.net/fashion/product/watch/indexc6bb.html]
[blogosphere.cmsmasters.net/fashion/product/watch/indexf147.html]
[blogosphere.cmsmasters.net/fashion/product/modern-glasses/index2b5c.html]
[blogosphere.cmsmasters.net/fashion/product/watch/index804b.html]
[blogosphere.cmsmasters.net/fashion/product/style-set/indexc6bb.html]
[blogosphere.cmsmasters.net/fashion/product/spherical-vase/indexc727.html]
[blogosphere.cmsmasters.net/fashion/product/watch/indexc727.html]
[blogosphere.cmsmasters.net/fashion/author/cmsmasters/page/1/index.html]
[blogosphere.cmsmasters.net/fashion/3/index.html]
[blogosphere.cmsmasters.net/fashion/index49f9.html]
[blogosphere.cmsmasters.net/fashion/indexce2e.html]
[blogosphere.cmsmasters.net/fashion/product/camera/indexf147.html]
[blogosphere.cmsmasters.net/fashion/product/camera/index2b5c.html]
[blogosphere.cmsmasters.net/fashion/product/indoor-flower/index2b5c.html]
[blogosphere.cmsmasters.net/fashion/product/modern-glasses/index2b5c.html]
[blogosphere.cmsmasters.net/fashion/product/watch/index2b5c.html]
[blogosphere.cmsmasters.net/fashion/product/spherical-vase/indexc727.html]
[blogosphere.cmsmasters.net/fashion/product/style-set/indexc6bb.html]
[blogosphere.cmsmasters.net/fashion/product/watch/indexc727.html]
[blogosphere.cmsmasters.net/fashion/product/watch/index2b5c.html]
[blogosphere.cmsmasters.net/fashion/product/indoor-flower/index804b.html]
[blogosphere.cmsmasters.net/fashion/product/indoor-flower/index804b.html]
[blogosphere.cmsmasters.net/fashion/product/style-set/indexf147.html]
[blogosphere.cmsmasters.net/fashion/product/style-set/indexf147.html]
